1000101 000 HolderA
1110111 000 HolderC
1230321 000 HolderD
1234567 000 HolderB
8001008 000 HolderF
9009009 000 HolderE
