NEW 1000101 000 0000000 HolderA
NEW 1234567 000 0000000 HolderB
NEW 1110111 000 0000000 HolderC
NEW 1230321 000 0000000 HolderD
NEW 9009009 000 0000000 HolderE
NEW 8001008 000 0000000 HolderF
EOS 0000000 000 0000000 ***
