NEW 1110111 000 0000000 HolderC
NEW 1230321 000 0000000 HolderD
NEW 9009009 000 0000000 HolderE
EOS 0000000 000 0000000 ***