NEW 1000101 000 0000000 HolderA
NEW 1234567 000 0000000 HolderB
EOS 0000000 000 0000000 ***