NEW 8001008 000 0000000 HolderF
EOS 0000000 000 0000000 ***