DEP 1000101 1000 0000000 HolderA
EOS 0000000 000 0000000 ***