Failed Transaction: TST
Invalid transaction file. Transaction command doesn't exist.
