Argument 2: ./input/in_TS_create3.txt
Invalid account file input. File doesn't exist.
