Argument 1: ./input/in_MA_create2.txt
Invalid account file input. File doesn't exist.
