1000101
1110111
1230321
1234567
8001008
9009009
0000000