1000101 55000 HolderA
1110111 200000 HolderC
1230321 000 HolderD
1234567 250000 HolderB
8001008 300000 HolderF
9009009 10000 HolderE
