XFR 1110111 300000 8001008 ***
WDR 1000101 25000 0000000 ***
WDR 1230321 20000 0000000 ***
EOS 0000000 000 0000000 ***
