WDR 1000101 25000 0000000 ***
EOS 0000000 000 0000000 ***