WDR 1230321 20000 0000000 ***
EOS 0000000 000 0000000 ***