XFR 1110111 300000 8001008 ***
EOS 0000000 000 0000000 ***