1000101
1110111
1234567
5678761
8001008
9009009
0000000