1000101 26000 HolderA
1110111 100 HolderC
1234567 249000 HolderB
5678761 120000 HolderG
8001008 150000 HolderF
9009009 12000 HolderE
