XFR 1000101 30000 5678761 ***
WDR 1110111 199900 0000000 ***
DEP 5678761 90000 0000000 ***
EOS 0000000 000 0000000 ***
