WDR 1000101 110000 0000000 HolderA
EOS 0000000 000 0000000 ***