1000101 80000 HolderA
1110111 500000 HolderC
1230321 20000 HolderD
1234567 250000 HolderB
8001008 000 HolderF
9009009 10000 HolderE
