DEP 9009009 10000 0000000 ***
EOS 0000000 000 0000000 ***