DEP 1110111 500000 0000000 ***
DEP 1234567 250000 0000000 ***
EOS 0000000 000 0000000 ***