XFR 1000101 5000 1234567 HolderB
EOS 0000000 000 0000000 ***