1000101 56000 HolderA
1110111 200000 HolderC
1234567 249000 HolderB
5678761 000 HolderG
8001008 150000 HolderF
9009009 12000 HolderE
