DEP 9009009 2000 0000000 ***
DEL 1230321 000 0000000 HolderD
NEW 5678761 000 0000000 HolderG
WDR 8001008 150000 0000000 ***
XFR 1234567 1000 1000101 ***
EOS 0000000 000 0000000 ***
