WDR 0000000 000 0000000 ***
Invalid Withdraw of $0.0. Must be between $1.00 and $999999.99.
