Last Transaction: WDR 0000000 000 0000000 ***
Invalid transaction file. Last transaction is not an EOS transaction.
