Failed Transaction: WDD
Invalid transaction file. Transaction command doesn't exist.
