Arguments: 3
Invalid number of arguments. Must have a total of four arguments.
