NEW 1110101 000 0000000 Alan
EOS 0000000 000 0000000 ***